// Jest Snapshot v1, https://goo.gl/fbAQLP

exports[`should render component correctly 1`] = `
<div
  className="container"
>
  <div
    className="row"
  >
    <div
      className="col-12"
    >
      <div
        className="mt-4"
      >
        <h1
          className="light-weight"
        >
          Welcome to FF-Initiative
        </h1>
        <p
          className="bd-lead"
        >
          Welcome to our company, it is our pleasure you are on our website.
        </p>
        <p>
          Lorem ipsum dolor sit amet, consectetur adipisicing elit. Molestias ipsum eum enim, cumque porro at aliquam voluptatem commodi quia error, consequatur, beatae ea tempora illum veritatis nostrum expedita nisi quas dolor sit amet, consectetur adipisicing elit. Molestias ipsum eum enim, cumque porro at aliquam voluptatem commodi quia error, consequatur, beatae ea tempora illum veritatis nostrum expedita nisi quas dolor sit amet, consectetur adipisicing elit. Molestias ipsum eum enim, cumque porro at aliquam voluptatem commodi quia error, consequatur, beatae ea tempora illum veritatis nostrum expedita nisi quas dolor sit amet, consectetur adipisicing elit. Molestias ipsum eum enim, cumque porro at aliquam voluptatem commodi quia error, consequatur, beatae ea tempora illum veritatis nostrum expedita nisi quas dolor sit amet, consectetur adipisicing elit. Molestias ipsum eum enim, cumque porro at aliquam voluptatem commodi quia error, consequatur, beatae ea tempora illum veritatis nostrum expedita nisi quas dolor sit amet, consectetur adipisicing elit. Molestias ipsum eum enim, cumque porro at aliquam voluptatem commodi quia error, consequatur, beatae ea tempora illum veritatis nostrum expedita nisi quas dolor sit amet, consectetur adipisicing elit. Molestias ipsum eum enim, cumque porro at aliquam voluptatem commodi quia error, consequatur, beatae ea tempora illum veritatis nostrum expedita nisi quas dolor sit amet, consectetur adipisicing elit. Molestias ipsum eum enim, cumque porro at aliquam voluptatem commodi quia error, consequatur, beatae ea tempora illum veritatis nostrum expedita nisi quas ipsum dolor sit amet, consectetur adipisicing elit. Molestias ipsum eum enim, cumque porro at aliquam voluptatem commodi quia error, consequatur, beatae ea tempora illum veritatis nostrum expedita nisi quas dolor sit amet, consectetur adipisicing elit. Molestias ipsum eum enim, cumque porro at aliquam voluptatem commodi quia error, consequatur, beatae ea tempora illum veritatis nostrum expedita nisi quas dolor sit amet, consectetur adipisicing elit. Molestias ipsum eum enim, cumque porro at aliquam voluptatem commodi quia error, consequatur, beatae ea tempora illum veritatis nostrum expedita nisi quas dolor sit amet, consectetur adipisicing elit. Molestias ipsum eum enim, cumque porro at aliquam voluptatem commodi quia error, consequatur, beatae ea tempora illum veritatis nostrum expedita nisi quas dolor sit amet, consectetur adipisicing elit. Molestias ipsum eum enim, cumque porro at aliquam voluptatem commodi quia error, consequatur, beatae ea tempora illum veritatis nostrum expedita nisi quas dolor sit amet, consectetur adipisicing elit. Molestias ipsum eum enim, cumque porro at aliquam voluptatem commodi quia error, consequatur, beatae ea tempora illum veritatis nostrum expedita nisi quas dolor sit amet, consectetur adipisicing elit. Molestias ipsum eum enim, cumque porro at aliquam voluptatem commodi quia error, consequatur, beatae ea tempora illum veritatis nostrum expedita nisi quas dolor sit amet, consectetur adipisicing elit. Molestias ipsum eum enim, cumque porro at aliquam voluptatem commodi quia error, consequatur, beatae ea tempora illum veritatis nostrum expedita nisi quas.
        </p>
      </div>
    </div>
  </div>
</div>
`;
