// Jest Snapshot v1, https://goo.gl/fbAQLP

exports[`should render component correctly 1`] = `
<div
  className="container"
>
  <div
    className="row"
  >
    <div
      className="col-12"
    >
      <div
        className="card"
      >
        <div
          className="card-body"
        >
          <h1
            className="text-center"
          >
            Welcome to our cart page
          </h1>
        </div>
      </div>
    </div>
  </div>
</div>
`;
