// Jest Snapshot v1, https://goo.gl/fbAQLP

exports[`should render component correctly 1`] = `
<div
  className="container"
>
  <div
    className="row"
  >
    <div
      className="col-12"
    >
      <div
        className="text-center"
      >
        <h3>
          Welcome to our Contact Page
        </h3>
      </div>
    </div>
  </div>
</div>
`;
