// Jest Snapshot v1, https://goo.gl/fbAQLP

exports[`should correctly render component correctly 1`] = `
<div>
  <Connect(DashboardMain) />
</div>
`;
