// Jest Snapshot v1, https://goo.gl/fbAQLP

exports[`should render component correctly 1`] = `
<div
  className="back-color"
>
  <Header />
  <FaqDesign />
  <DashboardFooter />
</div>
`;
