// Jest Snapshot v1, https://goo.gl/fbAQLP

exports[`should render component correctly 1`] = `
<div
  className="white-color"
>
  <nav
    className="navbar navbar-adjust-all navbar-expand-lg navbar-light"
  >
    <div
      className="container"
    >
      <div
        className="collapse navbar-collapse"
        id="navbarNav"
      >
        <ul
          className="mr-auto navbar-nav"
        >
          <li
            className="nav-item"
          >
            <NavLink
              activeClassName="active"
              className="nav-link"
              to="/bulk"
            >
              Bulk Purchase
            </NavLink>
          </li>
          <li
            className="nav-item"
          >
            <NavLink
              activeClassName="active"
              className="nav-link"
              to="locate"
            >
              FF Store Locator
            </NavLink>
          </li>
          <li
            className="nav-item"
          >
            <NavLink
              activeClassName="active"
              className="nav-link"
              to="/dial"
            >
              08100000000
            </NavLink>
          </li>
        </ul>
      </div>
      <div
        className="collapse navbar-collapse"
        id="navbarNav"
      >
        <ul
          className="ml-auto navbar-nav"
        >
          <li
            className="nav-item"
          >
            <NavLink
              activeClassName="active"
              className="nav-link"
              to="/contacts"
            >
              Contacts Us
            </NavLink>
          </li>
          <li
            className="nav-item"
          >
            <NavLink
              activeClassName="active"
              className="nav-link"
              to="/faq"
            >
              FAQ
            </NavLink>
          </li>
          <li
            className="nav-item"
          >
            <NavLink
              activeClassName="active"
              className="nav-link"
              to="/return"
            >
              Return Policy
            </NavLink>
          </li>
          <li
            className="nav-item"
          >
            <NavLink
              activeClassName="active"
              className="nav-link"
              to="/sell"
            >
              Sell on FF
            </NavLink>
          </li>
          <li
            className="nav-item"
          >
            <NavLink
              activeClassName="active"
              className="nav-link"
              to="/signup"
            >
              Sign Up
            </NavLink>
          </li>
        </ul>
        <button
          className="btn mr-sm-2"
        >
          Log In
        </button>
      </div>
    </div>
  </nav>
</div>
`;
