// Jest Snapshot v1, https://goo.gl/fbAQLP

exports[`should correctly render LoginPage 1`] = `
<div
  className="box-layout"
>
  <div
    className="container"
  >
    <div
      className="row justify-content-center"
    >
      <div
        className="col-12 col-sm-8 col-md-6 col-lg-4"
      >
        <div
          className="card card--adjust"
        >
          <div
            className="card-body text-center"
          >
            <h1>
              Sign Up
            </h1>
            <form
              className="mt-4"
            >
              <button
                className="btn btn-block btn-primary"
              >
                <i
                  className="mr-5 icon ion-social-facebook"
                />
                Sign in with Facebook
              </button>
              <button
                className="btn btn-block btn-danger mb-2"
              >
                <i
                  className=" mr-5 icon ion-social-google"
                />
                Sign in with Google
              </button>
              <h1>
                Or
              </h1>
              <div
                className="form-group"
              >
                <input
                  className="form-control"
                  placeholder="Enter Full Name"
                  type="text"
                />
              </div>
              <div
                className="form-group"
              >
                <input
                  className="form-control"
                  placeholder="Enter email"
                  type="email"
                />
              </div>
              <div
                className="form-group"
              >
                <input
                  className="form-control"
                  placeholder="Enter phone number"
                  type="text"
                />
              </div>
              <div
                className="form-group"
              >
                <input
                  className="form-control"
                  placeholder="Password"
                  type="password"
                />
              </div>
              <button
                className="btn bb btn-primary btn-block"
              >
                Submit
              </button>
            </form>
          </div>
        </div>
      </div>
    </div>
  </div>
</div>
`;
