// Jest Snapshot v1, https://goo.gl/fbAQLP

exports[`should render NotFoundPage correctly 1`] = `
<div>
  <Header />
  <div
    className="container"
  >
    <div
      className="row"
    >
      <div
        className="col-12"
      >
        <div
          className="adjust-height"
        >
          <h3
            className="text-center"
          >
            Opps Error, Page not found.
          </h3>
          <Link
            replace={false}
            to="/"
          >
            <p
              className="text-center"
            >
              Go Home
            </p>
          </Link>
        </div>
      </div>
    </div>
  </div>
  <DashboardFooter />
</div>
`;
