// Jest Snapshot v1, https://goo.gl/fbAQLP

exports[`should render component correctly 1`] = `
<div>
  Welcome to the return policy section
</div>
`;
