// Jest Snapshot v1, https://goo.gl/fbAQLP

exports[`should correctly render component 1`] = `
<div>
  <Connect(Header) />
  <ServiceDesign />
</div>
`;
