// Jest Snapshot v1, https://goo.gl/fbAQLP

exports[`should correctly render component 1`] = `
<div
  className="container"
>
  <div
    className="row"
  >
    <div
      className="col-12 col-col-md-8 col-lg-6"
    >
      <div
        className="text-center"
      >
        <h3>
          Welcome to our service page
        </h3>
      </div>
    </div>
  </div>
</div>
`;
