// Jest Snapshot v1, https://goo.gl/fbAQLP

exports[`should render component correctly 1`] = `
<div
  className="container"
>
  <div
    className="row"
  >
    Welcome to the session page
  </div>
</div>
`;
